Active Connections

  Proto  Local Address          Foreign Address        State
  TCP    0.0.0.0:80             0.0.0.0:0              LISTENING
 Can not obtain ownership information
  TCP    0.0.0.0:135            0.0.0.0:0              LISTENING
  RpcSs
 [svchost.exe]
  TCP    0.0.0.0:445            0.0.0.0:0              LISTENING
 Can not obtain ownership information
  TCP    0.0.0.0:1025           0.0.0.0:0              LISTENING
 [wininit.exe]
  TCP    0.0.0.0:1026           0.0.0.0:0              LISTENING
  EventLog
 [svchost.exe]
  TCP    0.0.0.0:1027           0.0.0.0:0              LISTENING
 [lsass.exe]
  TCP    0.0.0.0:1028           0.0.0.0:0              LISTENING
  Schedule
 [svchost.exe]
  TCP    0.0.0.0:2701           0.0.0.0:0              LISTENING
 [CmRcService.exe]
  TCP    0.0.0.0:3389           0.0.0.0:0              LISTENING
  TermService
 [svchost.exe]
  TCP    0.0.0.0:5985           0.0.0.0:0              LISTENING
 Can not obtain ownership information
  TCP    0.0.0.0:8787           0.0.0.0:0              LISTENING
 [java.exe]
  TCP    0.0.0.0:29121          0.0.0.0:0              LISTENING
 [lsass.exe]
  TCP    0.0.0.0:29145          0.0.0.0:0              LISTENING
 [spoolsv.exe]
  TCP    0.0.0.0:29153          0.0.0.0:0              LISTENING
 Can not obtain ownership information
  TCP    0.0.0.0:47001          0.0.0.0:0              LISTENING
 Can not obtain ownership information
  TCP    1.2.3.4:80        1.2.3.5:49814     ESTABLISHED
 Can not obtain ownership information
  TCP    1.2.3.4:80        1.2.3.5:57899     TIME_WAIT
  TCP    1.2.3.4:80        1.2.3.5:57900     TIME_WAIT
  TCP    1.2.3.4:80        1.2.3.6:53046     TIME_WAIT
  TCP    1.2.3.4:80        1.2.3.6:53047     TIME_WAIT
  TCP    1.2.3.4:80        1.2.3.6:53057     TIME_WAIT
  TCP    1.2.3.4:80        1.2.3.6:53058     TIME_WAIT
  TCP    1.2.3.4:80        1.2.3.6:60962     ESTABLISHED
 Can not obtain ownership information
  TCP    1.2.3.4:80        1.2.3.7:49936     ESTABLISHED
 Can not obtain ownership information
  TCP    1.2.3.4:80        1.2.3.7:51491     TIME_WAIT
  TCP    1.2.3.4:139       0.0.0.0:0              LISTENING
 Can not obtain ownership information
  TCP    1.2.3.4:3389      1.2.3.8:65365      ESTABLISHED
  TermService
 [svchost.exe]
  TCP    1.2.3.4:12689     1.2.3.9:1433       ESTABLISHED
 [java.exe]
  TCP    1.2.3.4:12690     1.2.3.9:1433       ESTABLISHED
 [java.exe]
  TCP    1.2.3.4:12691     1.2.3.9:1433       ESTABLISHED
 [java.exe]
  TCP    1.2.3.4:12692     1.2.3.9:1433       ESTABLISHED
 [java.exe]
  TCP    1.2.3.4:12693     1.2.3.9:1433       ESTABLISHED
 [java.exe]
  TCP    1.2.3.4:12694     1.2.3.9:1433       ESTABLISHED
 [java.exe]
  TCP    1.2.3.4:12695     1.2.3.9:1433       ESTABLISHED
 [java.exe]
  TCP    1.2.3.4:12696     1.2.3.9:1433       ESTABLISHED
 [java.exe]
  TCP    1.2.3.4:12697     1.2.3.9:1433       ESTABLISHED
 [java.exe]
  TCP    1.2.3.4:12698     1.2.3.9:1433       ESTABLISHED
 [java.exe]
  TCP    1.2.3.4:12906     1.2.3.10:10123     ESTABLISHED
 [CcmExec.exe]
  TCP    1.2.3.4:14165     1.2.3.11:49209     ESTABLISHED
  LanmanWorkstation
 [svchost.exe]
  TCP    1.2.3.4:15192     1.2.3.9:1433       ESTABLISHED
 [java.exe]
  TCP    1.2.3.4:15193     1.2.3.9:1433       ESTABLISHED
 [java.exe]
  TCP    1.2.3.4:15194     1.2.3.9:1433       ESTABLISHED
 [java.exe]
  TCP    1.2.3.4:15195     1.2.3.9:1433       ESTABLISHED
 [java.exe]
  TCP    1.2.3.4:15196     1.2.3.9:1433       ESTABLISHED
 [java.exe]
  TCP    1.2.3.4:15197     1.2.3.9:1433       ESTABLISHED
 [java.exe]
  TCP    1.2.3.4:15198     1.2.3.9:1433       ESTABLISHED
 [java.exe]
  TCP    1.2.3.4:15547     1.2.3.12:8080      ESTABLISHED
 [swi_fc.exe]
  TCP    1.2.3.4:15598     1.2.3.12:8080      ESTABLISHED
 [swi_fc.exe]
  TCP    1.2.3.4:15675     1.2.3.12:8080      ESTABLISHED
 [swi_fc.exe]
  TCP    1.2.3.4:15765     1.2.3.12:8080      ESTABLISHED
 [swi_fc.exe]
  TCP    1.2.3.4:15766     1.2.3.12:8080      ESTABLISHED
  BITS
 [svchost.exe]
  TCP    1.2.3.4:15792     1.2.3.12:8080      ESTABLISHED
 [swi_fc.exe]
  TCP    1.2.3.4:15794     1.2.3.12:8080      ESTABLISHED
 [swi_fc.exe]
  TCP    1.2.3.4:15803     1.2.3.9:1433       ESTABLISHED
 [java.exe]
  TCP    1.2.3.4:15804     1.2.3.9:1433       ESTABLISHED
 [java.exe]
  TCP    1.2.3.4:15805     1.2.3.9:1433       ESTABLISHED
 [java.exe]
  TCP    1.2.3.4:15806     1.2.3.9:1433       ESTABLISHED
 [java.exe]
  TCP    1.2.3.4:15807     1.2.3.9:1433       ESTABLISHED
 [java.exe]
  TCP    1.2.3.4:15808     1.2.3.9:1433       ESTABLISHED
 [java.exe]
  TCP    1.2.3.4:15809     1.2.3.9:1433       ESTABLISHED
 [java.exe]
  TCP    1.2.3.4:15813     1.2.3.12:8080      ESTABLISHED
 [swi_fc.exe]
  TCP    1.2.3.4:15826     1.2.3.13:80       TIME_WAIT
  TCP    1.2.3.4:15831     1.2.3.12:8080      ESTABLISHED
 [swi_fc.exe]
  TCP    1.2.3.4:15835     1.2.3.12:8080      ESTABLISHED
 [swi_fc.exe]
  TCP    1.2.3.4:15839     1.2.3.14:58493       TIME_WAIT
  TCP    1.2.3.4:15846     1.2.3.12:8080      ESTABLISHED
 [swi_service.exe]
  TCP    1.2.3.4:15850     1.2.3.15:443       TIME_WAIT
  TCP    1.2.3.4:15851     1.2.3.16:80       SYN_SENT
 [SophosUpdate.exe]
  TCP    127.0.0.1:1215         0.0.0.0:0              LISTENING
 [SCNotification.exe]
  TCP    127.0.0.1:4720         127.0.0.1:4721         ESTABLISHED
 [java.exe]
  TCP    127.0.0.1:4721         127.0.0.1:4720         ESTABLISHED
 [java.exe]
  TCP    127.0.0.1:5374         0.0.0.0:0              LISTENING
 [SCNotification.exe]
  TCP    127.0.0.1:6889         127.0.0.1:6890         ESTABLISHED
 [java.exe]
  TCP    127.0.0.1:6890         127.0.0.1:6889         ESTABLISHED
 [java.exe]
  TCP    127.0.0.1:6892         127.0.0.1:6893         ESTABLISHED
 [java.exe]
  TCP    127.0.0.1:6893         127.0.0.1:6892         ESTABLISHED
 [java.exe]
  TCP    127.0.0.1:7086         127.0.0.1:7087         ESTABLISHED
 [java.exe]
  TCP    127.0.0.1:7087         127.0.0.1:7086         ESTABLISHED
 [java.exe]
  TCP    127.0.0.1:7088         127.0.0.1:7089         ESTABLISHED
 [java.exe]
  TCP    127.0.0.1:7089         127.0.0.1:7088         ESTABLISHED
 [java.exe]
  TCP    127.0.0.1:7092         127.0.0.1:7093         ESTABLISHED
 [java.exe]
  TCP    127.0.0.1:7093         127.0.0.1:7092         ESTABLISHED
 [java.exe]
  TCP    127.0.0.1:7097         127.0.0.1:7098         ESTABLISHED
 [java.exe]
  TCP    127.0.0.1:7098         127.0.0.1:7097         ESTABLISHED
 [java.exe]
  TCP    127.0.0.1:7099         127.0.0.1:7100         ESTABLISHED
 [java.exe]
  TCP    127.0.0.1:7100         127.0.0.1:7099         ESTABLISHED
 [java.exe]
  TCP    127.0.0.1:7101         127.0.0.1:7102         ESTABLISHED
 [java.exe]
  TCP    127.0.0.1:7102         127.0.0.1:7101         ESTABLISHED
 [java.exe]
  TCP    127.0.0.1:7103         127.0.0.1:7104         ESTABLISHED
 [java.exe]
  TCP    127.0.0.1:7104         127.0.0.1:7103         ESTABLISHED
 [java.exe]
  TCP    127.0.0.1:7105         127.0.0.1:7106         ESTABLISHED
 [java.exe]
  TCP    127.0.0.1:7106         127.0.0.1:7105         ESTABLISHED
 [java.exe]
  TCP    127.0.0.1:7107         127.0.0.1:7108         ESTABLISHED
 [java.exe]
  TCP    127.0.0.1:7108         127.0.0.1:7107         ESTABLISHED
 [java.exe]
  TCP    127.0.0.1:7436         127.0.0.1:7437         ESTABLISHED
 [java.exe]
  TCP    127.0.0.1:7437         127.0.0.1:7436         ESTABLISHED
 [java.exe]
  TCP    127.0.0.1:7458         127.0.0.1:7459         ESTABLISHED
 [java.exe]
  TCP    127.0.0.1:7459         127.0.0.1:7458         ESTABLISHED
 [java.exe]
  TCP    127.0.0.1:7466         127.0.0.1:7467         ESTABLISHED
 [java.exe]
  TCP    127.0.0.1:7467         127.0.0.1:7466         ESTABLISHED
 [java.exe]
  TCP    127.0.0.1:7519         127.0.0.1:7520         ESTABLISHED
 [java.exe]
  TCP    127.0.0.1:7520         127.0.0.1:7519         ESTABLISHED
 [java.exe]
  TCP    127.0.0.1:8009         0.0.0.0:0              LISTENING
 [java.exe]
  TCP    127.0.0.1:8009         127.0.0.1:13990        ESTABLISHED
 [java.exe]
  TCP    127.0.0.1:8009         127.0.0.1:13991        ESTABLISHED
 [java.exe]
  TCP    127.0.0.1:8009         127.0.0.1:13992        ESTABLISHED
 [java.exe]
  TCP    127.0.0.1:8009         127.0.0.1:13993        ESTABLISHED
 [java.exe]
  TCP    127.0.0.1:8009         127.0.0.1:13994        ESTABLISHED
 [java.exe]
  TCP    127.0.0.1:8009         127.0.0.1:14819        ESTABLISHED
 [java.exe]
  TCP    127.0.0.1:8009         127.0.0.1:14905        ESTABLISHED
 [java.exe]
  TCP    127.0.0.1:8080         0.0.0.0:0              LISTENING
 [java.exe]
  TCP    127.0.0.1:9990         0.0.0.0:0              LISTENING
 [java.exe]
  TCP    127.0.0.1:10865        0.0.0.0:0              LISTENING
 [swi_fc.exe]
  TCP    127.0.0.1:10865        127.0.0.1:15546        ESTABLISHED
 [swi_fc.exe]
  TCP    127.0.0.1:10865        127.0.0.1:15596        ESTABLISHED
 [swi_fc.exe]
  TCP    127.0.0.1:10865        127.0.0.1:15674        ESTABLISHED
 [swi_fc.exe]
  TCP    127.0.0.1:10865        127.0.0.1:15712        TIME_WAIT
  TCP    127.0.0.1:10865        127.0.0.1:15720        TIME_WAIT
  TCP    127.0.0.1:10865        127.0.0.1:15764        ESTABLISHED
 [swi_fc.exe]
  TCP    127.0.0.1:10865        127.0.0.1:15791        ESTABLISHED
 [swi_fc.exe]
  TCP    127.0.0.1:10865        127.0.0.1:15793        ESTABLISHED
 [swi_fc.exe]
  TCP    127.0.0.1:10865        127.0.0.1:15812        ESTABLISHED
 [swi_fc.exe]
  TCP    127.0.0.1:10865        127.0.0.1:15830        ESTABLISHED
 [swi_fc.exe]
  TCP    127.0.0.1:10865        127.0.0.1:15834        ESTABLISHED
 [swi_fc.exe]
  TCP    127.0.0.1:11385        127.0.0.1:11386        ESTABLISHED
 [java.exe]
  TCP    127.0.0.1:11386        127.0.0.1:11385        ESTABLISHED
 [java.exe]
  TCP    127.0.0.1:12637        127.0.0.1:12638        ESTABLISHED
 [java.exe]
  TCP    127.0.0.1:12638        127.0.0.1:12637        ESTABLISHED
 [java.exe]
  TCP    127.0.0.1:12639        127.0.0.1:12640        ESTABLISHED
 [java.exe]
  TCP    127.0.0.1:12640        127.0.0.1:12639        ESTABLISHED
 [java.exe]
  TCP    127.0.0.1:12641        127.0.0.1:12642        ESTABLISHED
 [java.exe]
  TCP    127.0.0.1:12642        127.0.0.1:12641        ESTABLISHED
 [java.exe]
  TCP    127.0.0.1:12643        127.0.0.1:12644        ESTABLISHED
 [java.exe]
  TCP    127.0.0.1:12644        127.0.0.1:12643        ESTABLISHED
 [java.exe]
  TCP    127.0.0.1:12645        127.0.0.1:12646        ESTABLISHED
 [java.exe]
  TCP    127.0.0.1:12646        127.0.0.1:12645        ESTABLISHED
 [java.exe]
  TCP    127.0.0.1:12647        127.0.0.1:12648        ESTABLISHED
 [java.exe]
  TCP    127.0.0.1:12648        127.0.0.1:12647        ESTABLISHED
 [java.exe]
  TCP    127.0.0.1:12649        127.0.0.1:12650        ESTABLISHED
 [java.exe]
  TCP    127.0.0.1:12650        127.0.0.1:12649        ESTABLISHED
 [java.exe]
  TCP    127.0.0.1:12651        127.0.0.1:12652        ESTABLISHED
 [java.exe]
  TCP    127.0.0.1:12652        127.0.0.1:12651        ESTABLISHED
 [java.exe]
  TCP    127.0.0.1:12653        127.0.0.1:12654        ESTABLISHED
 [java.exe]
  TCP    127.0.0.1:12654        127.0.0.1:12653        ESTABLISHED
 [java.exe]
  TCP    127.0.0.1:12655        127.0.0.1:12656        ESTABLISHED
 [java.exe]
  TCP    127.0.0.1:12656        127.0.0.1:12655        ESTABLISHED
 [java.exe]
  TCP    127.0.0.1:12657        127.0.0.1:12658        ESTABLISHED
 [java.exe]
  TCP    127.0.0.1:12658        127.0.0.1:12657        ESTABLISHED
 [java.exe]
  TCP    127.0.0.1:12659        127.0.0.1:12660        ESTABLISHED
 [java.exe]
  TCP    127.0.0.1:12660        127.0.0.1:12659        ESTABLISHED
 [java.exe]
  TCP    127.0.0.1:12661        127.0.0.1:12662        ESTABLISHED
 [java.exe]
  TCP    127.0.0.1:12662        127.0.0.1:12661        ESTABLISHED
 [java.exe]
  TCP    127.0.0.1:12663        127.0.0.1:12664        ESTABLISHED
 [java.exe]
  TCP    127.0.0.1:12664        127.0.0.1:12663        ESTABLISHED
 [java.exe]
  TCP    127.0.0.1:12665        127.0.0.1:12666        ESTABLISHED
 [java.exe]
  TCP    127.0.0.1:12666        127.0.0.1:12665        ESTABLISHED
 [java.exe]
  TCP    127.0.0.1:12667        127.0.0.1:12668        ESTABLISHED
 [java.exe]
  TCP    127.0.0.1:12668        127.0.0.1:12667        ESTABLISHED
 [java.exe]
  TCP    127.0.0.1:12669        127.0.0.1:12670        ESTABLISHED
 [java.exe]
  TCP    127.0.0.1:12670        127.0.0.1:12669        ESTABLISHED
 [java.exe]
  TCP    127.0.0.1:12676        127.0.0.1:12677        ESTABLISHED
 [java.exe]
  TCP    127.0.0.1:12677        127.0.0.1:12676        ESTABLISHED
 [java.exe]
  TCP    127.0.0.1:12678        127.0.0.1:12679        ESTABLISHED
 [java.exe]
  TCP    127.0.0.1:12679        127.0.0.1:12678        ESTABLISHED
 [java.exe]
  TCP    127.0.0.1:13219        127.0.0.1:13220        ESTABLISHED
 [java.exe]
  TCP    127.0.0.1:13220        127.0.0.1:13219        ESTABLISHED
 [java.exe]
  TCP    127.0.0.1:13221        127.0.0.1:13222        ESTABLISHED
 [java.exe]
  TCP    127.0.0.1:13222        127.0.0.1:13221        ESTABLISHED
 [java.exe]
  TCP    127.0.0.1:13223        127.0.0.1:13224        ESTABLISHED
 [java.exe]
  TCP    127.0.0.1:13224        127.0.0.1:13223        ESTABLISHED
 [java.exe]
  TCP    127.0.0.1:13225        127.0.0.1:13226        ESTABLISHED
 [java.exe]
  TCP    127.0.0.1:13226        127.0.0.1:13225        ESTABLISHED
 [java.exe]
  TCP    127.0.0.1:13227        127.0.0.1:13228        ESTABLISHED
 [java.exe]
  TCP    127.0.0.1:13228        127.0.0.1:13227        ESTABLISHED
 [java.exe]
  TCP    127.0.0.1:13246        127.0.0.1:13247        ESTABLISHED
 [java.exe]
  TCP    127.0.0.1:13247        127.0.0.1:13246        ESTABLISHED
 [java.exe]
  TCP    127.0.0.1:13250        127.0.0.1:13251        ESTABLISHED
 [java.exe]
  TCP    127.0.0.1:13251        127.0.0.1:13250        ESTABLISHED
 [java.exe]
  TCP    127.0.0.1:13252        127.0.0.1:13253        ESTABLISHED
 [java.exe]
  TCP    127.0.0.1:13253        127.0.0.1:13252        ESTABLISHED
 [java.exe]
  TCP    127.0.0.1:13254        127.0.0.1:13255        ESTABLISHED
 [java.exe]
  TCP    127.0.0.1:13255        127.0.0.1:13254        ESTABLISHED
 [java.exe]
  TCP    127.0.0.1:13307        127.0.0.1:13308        ESTABLISHED
 [java.exe]
  TCP    127.0.0.1:13308        127.0.0.1:13307        ESTABLISHED
 [java.exe]
  TCP    127.0.0.1:13309        127.0.0.1:13310        ESTABLISHED
 [java.exe]
  TCP    127.0.0.1:13310        127.0.0.1:13309        ESTABLISHED
 [java.exe]
  TCP    127.0.0.1:13343        127.0.0.1:13344        ESTABLISHED
 [java.exe]
  TCP    127.0.0.1:13344        127.0.0.1:13343        ESTABLISHED
 [java.exe]
  TCP    127.0.0.1:13346        127.0.0.1:13347        ESTABLISHED
 [java.exe]
  TCP    127.0.0.1:13347        127.0.0.1:13346        ESTABLISHED
 [java.exe]
  TCP    127.0.0.1:13348        127.0.0.1:13349        ESTABLISHED
 [java.exe]
  TCP    127.0.0.1:13349        127.0.0.1:13348        ESTABLISHED
 [java.exe]
  TCP    127.0.0.1:13350        127.0.0.1:13351        ESTABLISHED
 [java.exe]
  TCP    127.0.0.1:13351        127.0.0.1:13350        ESTABLISHED
 [java.exe]
  TCP    127.0.0.1:13352        127.0.0.1:13353        ESTABLISHED
 [java.exe]
  TCP    127.0.0.1:13353        127.0.0.1:13352        ESTABLISHED
 [java.exe]
  TCP    127.0.0.1:13354        127.0.0.1:13355        ESTABLISHED
 [java.exe]
  TCP    127.0.0.1:13355        127.0.0.1:13354        ESTABLISHED
 [java.exe]
  TCP    127.0.0.1:13356        127.0.0.1:13357        ESTABLISHED
 [java.exe]
  TCP    127.0.0.1:13357        127.0.0.1:13356        ESTABLISHED
 [java.exe]
  TCP    127.0.0.1:13358        127.0.0.1:13359        ESTABLISHED
 [java.exe]
  TCP    127.0.0.1:13359        127.0.0.1:13358        ESTABLISHED
 [java.exe]
  TCP    127.0.0.1:13360        127.0.0.1:13361        ESTABLISHED
 [java.exe]
  TCP    127.0.0.1:13361        127.0.0.1:13360        ESTABLISHED
 [java.exe]
  TCP    127.0.0.1:13362        127.0.0.1:13363        ESTABLISHED
 [java.exe]
  TCP    127.0.0.1:13363        127.0.0.1:13362        ESTABLISHED
 [java.exe]
  TCP    127.0.0.1:13364        127.0.0.1:13365        ESTABLISHED
 [java.exe]
  TCP    127.0.0.1:13365        127.0.0.1:13364        ESTABLISHED
 [java.exe]
  TCP    127.0.0.1:13366        127.0.0.1:13367        ESTABLISHED
 [java.exe]
  TCP    127.0.0.1:13367        127.0.0.1:13366        ESTABLISHED
 [java.exe]
  TCP    127.0.0.1:13368        127.0.0.1:13369        ESTABLISHED
 [java.exe]
  TCP    127.0.0.1:13369        127.0.0.1:13368        ESTABLISHED
 [java.exe]
  TCP    127.0.0.1:13370        127.0.0.1:13371        ESTABLISHED
 [java.exe]
  TCP    127.0.0.1:13371        127.0.0.1:13370        ESTABLISHED
 [java.exe]
  TCP    127.0.0.1:13372        127.0.0.1:13373        ESTABLISHED
 [java.exe]
  TCP    127.0.0.1:13373        127.0.0.1:13372        ESTABLISHED
 [java.exe]
  TCP    127.0.0.1:13374        127.0.0.1:13375        ESTABLISHED
 [java.exe]
  TCP    127.0.0.1:13375        127.0.0.1:13374        ESTABLISHED
 [java.exe]
  TCP    127.0.0.1:13376        127.0.0.1:13377        ESTABLISHED
 [java.exe]
  TCP    127.0.0.1:13377        127.0.0.1:13376        ESTABLISHED
 [java.exe]
  TCP    127.0.0.1:13378        127.0.0.1:13379        ESTABLISHED
 [java.exe]
  TCP    127.0.0.1:13379        127.0.0.1:13378        ESTABLISHED
 [java.exe]
  TCP    127.0.0.1:13380        127.0.0.1:13381        ESTABLISHED
 [java.exe]
  TCP    127.0.0.1:13381        127.0.0.1:13380        ESTABLISHED
 [java.exe]
  TCP    127.0.0.1:13382        127.0.0.1:13383        ESTABLISHED
 [java.exe]
  TCP    127.0.0.1:13383        127.0.0.1:13382        ESTABLISHED
 [java.exe]
  TCP    127.0.0.1:13384        127.0.0.1:13385        ESTABLISHED
 [java.exe]
  TCP    127.0.0.1:13385        127.0.0.1:13384        ESTABLISHED
 [java.exe]
  TCP    127.0.0.1:13386        127.0.0.1:13387        ESTABLISHED
 [java.exe]
  TCP    127.0.0.1:13387        127.0.0.1:13386        ESTABLISHED
 [java.exe]
  TCP    127.0.0.1:13388        127.0.0.1:13389        ESTABLISHED
 [java.exe]
  TCP    127.0.0.1:13389        127.0.0.1:13388        ESTABLISHED
 [java.exe]
  TCP    127.0.0.1:13390        127.0.0.1:13391        ESTABLISHED
 [java.exe]
  TCP    127.0.0.1:13391        127.0.0.1:13390        ESTABLISHED
 [java.exe]
  TCP    127.0.0.1:13392        127.0.0.1:13393        ESTABLISHED
 [java.exe]
  TCP    127.0.0.1:13393        127.0.0.1:13392        ESTABLISHED
 [java.exe]
  TCP    127.0.0.1:13394        127.0.0.1:13395        ESTABLISHED
 [java.exe]
  TCP    127.0.0.1:13395        127.0.0.1:13394        ESTABLISHED
 [java.exe]
  TCP    127.0.0.1:13396        127.0.0.1:13397        ESTABLISHED
 [java.exe]
  TCP    127.0.0.1:13397        127.0.0.1:13396        ESTABLISHED
 [java.exe]
  TCP    127.0.0.1:13398        127.0.0.1:13399        ESTABLISHED
 [java.exe]
  TCP    127.0.0.1:13399        127.0.0.1:13398        ESTABLISHED
 [java.exe]
  TCP    127.0.0.1:13400        127.0.0.1:13401        ESTABLISHED
 [java.exe]
  TCP    127.0.0.1:13401        127.0.0.1:13400        ESTABLISHED
 [java.exe]
  TCP    127.0.0.1:13402        127.0.0.1:13403        ESTABLISHED
 [java.exe]
  TCP    127.0.0.1:13403        127.0.0.1:13402        ESTABLISHED
 [java.exe]
  TCP    127.0.0.1:13404        127.0.0.1:13406        ESTABLISHED
 [java.exe]
  TCP    127.0.0.1:13405        127.0.0.1:13407        ESTABLISHED
 [java.exe]
  TCP    127.0.0.1:13406        127.0.0.1:13404        ESTABLISHED
 [java.exe]
  TCP    127.0.0.1:13407        127.0.0.1:13405        ESTABLISHED
 [java.exe]
  TCP    127.0.0.1:13408        127.0.0.1:13409        ESTABLISHED
 [java.exe]
  TCP    127.0.0.1:13409        127.0.0.1:13408        ESTABLISHED
 [java.exe]
  TCP    127.0.0.1:13410        127.0.0.1:13412        ESTABLISHED
 [java.exe]
  TCP    127.0.0.1:13411        127.0.0.1:13413        ESTABLISHED
 [java.exe]
  TCP    127.0.0.1:13412        127.0.0.1:13410        ESTABLISHED
 [java.exe]
  TCP    127.0.0.1:13413        127.0.0.1:13411        ESTABLISHED
 [java.exe]
  TCP    127.0.0.1:13414        127.0.0.1:13415        ESTABLISHED
 [java.exe]
  TCP    127.0.0.1:13415        127.0.0.1:13414        ESTABLISHED
 [java.exe]
  TCP    127.0.0.1:13416        127.0.0.1:13417        ESTABLISHED
 [java.exe]
  TCP    127.0.0.1:13417        127.0.0.1:13416        ESTABLISHED
 [java.exe]
  TCP    127.0.0.1:13418        127.0.0.1:13419        ESTABLISHED
 [java.exe]
  TCP    127.0.0.1:13419        127.0.0.1:13418        ESTABLISHED
 [java.exe]
  TCP    127.0.0.1:13420        127.0.0.1:13421        ESTABLISHED
 [java.exe]
  TCP    127.0.0.1:13421        127.0.0.1:13420        ESTABLISHED
 [java.exe]
  TCP    127.0.0.1:13422        127.0.0.1:13423        ESTABLISHED
 [java.exe]
  TCP    127.0.0.1:13423        127.0.0.1:13422        ESTABLISHED
 [java.exe]
  TCP    127.0.0.1:13424        127.0.0.1:13425        ESTABLISHED
 [java.exe]
  TCP    127.0.0.1:13425        127.0.0.1:13424        ESTABLISHED
 [java.exe]
  TCP    127.0.0.1:13426        127.0.0.1:13427        ESTABLISHED
 [java.exe]
  TCP    127.0.0.1:13427        127.0.0.1:13426        ESTABLISHED
 [java.exe]
  TCP    127.0.0.1:13428        127.0.0.1:13429        ESTABLISHED
 [java.exe]
  TCP    127.0.0.1:13429        127.0.0.1:13428        ESTABLISHED
 [java.exe]
  TCP    127.0.0.1:13430        127.0.0.1:13431        ESTABLISHED
 [java.exe]
  TCP    127.0.0.1:13431        127.0.0.1:13430        ESTABLISHED
 [java.exe]
  TCP    127.0.0.1:13432        127.0.0.1:13433        ESTABLISHED
 [java.exe]
  TCP    127.0.0.1:13433        127.0.0.1:13432        ESTABLISHED
 [java.exe]
  TCP    127.0.0.1:13434        127.0.0.1:13436        ESTABLISHED
 [java.exe]
  TCP    127.0.0.1:13435        127.0.0.1:13437        ESTABLISHED
 [java.exe]
  TCP    127.0.0.1:13436        127.0.0.1:13434        ESTABLISHED
 [java.exe]
  TCP    127.0.0.1:13437        127.0.0.1:13435        ESTABLISHED
 [java.exe]
  TCP    127.0.0.1:13990        127.0.0.1:8009         ESTABLISHED
 [w3wp.exe]
  TCP    127.0.0.1:13991        127.0.0.1:8009         ESTABLISHED
 [w3wp.exe]
  TCP    127.0.0.1:13992        127.0.0.1:8009         ESTABLISHED
 [w3wp.exe]
  TCP    127.0.0.1:13993        127.0.0.1:8009         ESTABLISHED
 [w3wp.exe]
  TCP    127.0.0.1:13994        127.0.0.1:8009         ESTABLISHED
 [w3wp.exe]
  TCP    127.0.0.1:14496        127.0.0.1:14497        ESTABLISHED
 [java.exe]
  TCP    127.0.0.1:14497        127.0.0.1:14496        ESTABLISHED
 [java.exe]
  TCP    127.0.0.1:14819        127.0.0.1:8009         ESTABLISHED
 [w3wp.exe]
  TCP    127.0.0.1:14905        127.0.0.1:8009         ESTABLISHED
 [w3wp.exe]
  TCP    127.0.0.1:15546        127.0.0.1:10865        ESTABLISHED
 [chrome.exe]
  TCP    127.0.0.1:15596        127.0.0.1:10865        ESTABLISHED
 [chrome.exe]
  TCP    127.0.0.1:15674        127.0.0.1:10865        ESTABLISHED
 [chrome.exe]
  TCP    127.0.0.1:15686        127.0.0.1:15687        ESTABLISHED
 [java.exe]
  TCP    127.0.0.1:15687        127.0.0.1:15686        ESTABLISHED
 [java.exe]
  TCP    127.0.0.1:15764        127.0.0.1:10865        ESTABLISHED
 [chrome.exe]
  TCP    127.0.0.1:15791        127.0.0.1:10865        ESTABLISHED
 [chrome.exe]
  TCP    127.0.0.1:15793        127.0.0.1:10865        ESTABLISHED
 [chrome.exe]
  TCP    127.0.0.1:15812        127.0.0.1:10865        ESTABLISHED
 [chrome.exe]
  TCP    127.0.0.1:15830        127.0.0.1:10865        ESTABLISHED
 [chrome.exe]
  TCP    127.0.0.1:15834        127.0.0.1:10865        ESTABLISHED
 [chrome.exe]
  TCP    127.0.0.1:16531        127.0.0.1:16532        ESTABLISHED
 [java.exe]
  TCP    127.0.0.1:16532        127.0.0.1:16531        ESTABLISHED
 [java.exe]
  TCP    127.0.0.1:16663        127.0.0.1:16664        ESTABLISHED
 [java.exe]
  TCP    127.0.0.1:16664        127.0.0.1:16663        ESTABLISHED
 [java.exe]
  TCP    127.0.0.1:16757        127.0.0.1:16758        ESTABLISHED
 [java.exe]
  TCP    127.0.0.1:16758        127.0.0.1:16757        ESTABLISHED
 [java.exe]
  TCP    127.0.0.1:17298        127.0.0.1:17299        ESTABLISHED
 [java.exe]
  TCP    127.0.0.1:17299        127.0.0.1:17298        ESTABLISHED
 [java.exe]
  TCP    127.0.0.1:17314        127.0.0.1:17315        ESTABLISHED
 [java.exe]
  TCP    127.0.0.1:17315        127.0.0.1:17314        ESTABLISHED
 [java.exe]
  TCP    127.0.0.1:17316        127.0.0.1:17317        ESTABLISHED
 [java.exe]
  TCP    127.0.0.1:17317        127.0.0.1:17316        ESTABLISHED
 [java.exe]
  TCP    127.0.0.1:17318        127.0.0.1:17319        ESTABLISHED
 [java.exe]
  TCP    127.0.0.1:17319        127.0.0.1:17318        ESTABLISHED
 [java.exe]
  TCP    127.0.0.1:17320        127.0.0.1:17321        ESTABLISHED
 [java.exe]
  TCP    127.0.0.1:17321        127.0.0.1:17320        ESTABLISHED
 [java.exe]
  TCP    127.0.0.1:17322        127.0.0.1:17323        ESTABLISHED
 [java.exe]
  TCP    127.0.0.1:17323        127.0.0.1:17322        ESTABLISHED
 [java.exe]
  TCP    127.0.0.1:17324        127.0.0.1:17325        ESTABLISHED
 [java.exe]
  TCP    127.0.0.1:17325        127.0.0.1:17324        ESTABLISHED
 [java.exe]
  TCP    127.0.0.1:17326        127.0.0.1:17327        ESTABLISHED
 [java.exe]
  TCP    127.0.0.1:17327        127.0.0.1:17326        ESTABLISHED
 [java.exe]
  TCP    127.0.0.1:17596        127.0.0.1:17597        ESTABLISHED
 [java.exe]
  TCP    127.0.0.1:17597        127.0.0.1:17596        ESTABLISHED
 [java.exe]
  TCP    127.0.0.1:17598        127.0.0.1:17599        ESTABLISHED
 [java.exe]
  TCP    127.0.0.1:17599        127.0.0.1:17598        ESTABLISHED
 [java.exe]
  TCP    127.0.0.1:17600        127.0.0.1:17601        ESTABLISHED
 [java.exe]
  TCP    127.0.0.1:17601        127.0.0.1:17600        ESTABLISHED
 [java.exe]
  TCP    127.0.0.1:17602        127.0.0.1:17603        ESTABLISHED
 [java.exe]
  TCP    127.0.0.1:17603        127.0.0.1:17602        ESTABLISHED
 [java.exe]
  TCP    127.0.0.1:17606        127.0.0.1:17607        ESTABLISHED
 [java.exe]
  TCP    127.0.0.1:17607        127.0.0.1:17606        ESTABLISHED
 [java.exe]
  TCP    127.0.0.1:17664        127.0.0.1:17665        ESTABLISHED
 [java.exe]
  TCP    127.0.0.1:17665        127.0.0.1:17664        ESTABLISHED
 [java.exe]
  TCP    127.0.0.1:17666        127.0.0.1:17667        ESTABLISHED
 [java.exe]
  TCP    127.0.0.1:17667        127.0.0.1:17666        ESTABLISHED
 [java.exe]
  TCP    127.0.0.1:17668        127.0.0.1:17669        ESTABLISHED
 [java.exe]
  TCP    127.0.0.1:17669        127.0.0.1:17668        ESTABLISHED
 [java.exe]
  TCP    127.0.0.1:17670        127.0.0.1:17671        ESTABLISHED
 [java.exe]
  TCP    127.0.0.1:17671        127.0.0.1:17670        ESTABLISHED
 [java.exe]
  TCP    127.0.0.1:17680        127.0.0.1:17681        ESTABLISHED
 [java.exe]
  TCP    127.0.0.1:17681        127.0.0.1:17680        ESTABLISHED
 [java.exe]
  TCP    127.0.0.1:17682        127.0.0.1:17683        ESTABLISHED
 [java.exe]
  TCP    127.0.0.1:17683        127.0.0.1:17682        ESTABLISHED
 [java.exe]
  TCP    127.0.0.1:18147        127.0.0.1:18148        ESTABLISHED
 [java.exe]
  TCP    127.0.0.1:18148        127.0.0.1:18147        ESTABLISHED
 [java.exe]
  TCP    127.0.0.1:18619        127.0.0.1:18620        ESTABLISHED
 [java.exe]
  TCP    127.0.0.1:18620        127.0.0.1:18619        ESTABLISHED
 [java.exe]
  TCP    127.0.0.1:18621        127.0.0.1:18622        ESTABLISHED
 [java.exe]
  TCP    127.0.0.1:18622        127.0.0.1:18621        ESTABLISHED
 [java.exe]
  TCP    127.0.0.1:18623        127.0.0.1:18624        ESTABLISHED
 [java.exe]
  TCP    127.0.0.1:18624        127.0.0.1:18623        ESTABLISHED
 [java.exe]
  TCP    127.0.0.1:18626        127.0.0.1:18627        ESTABLISHED
 [java.exe]
  TCP    127.0.0.1:18627        127.0.0.1:18626        ESTABLISHED
 [java.exe]
  TCP    127.0.0.1:18636        127.0.0.1:18637        ESTABLISHED
 [java.exe]
  TCP    127.0.0.1:18637        127.0.0.1:18636        ESTABLISHED
 [java.exe]
  TCP    127.0.0.1:18639        127.0.0.1:18640        ESTABLISHED
 [java.exe]
  TCP    127.0.0.1:18640        127.0.0.1:18639        ESTABLISHED
 [java.exe]
  TCP    127.0.0.1:18644        127.0.0.1:18645        ESTABLISHED
 [java.exe]
  TCP    127.0.0.1:18645        127.0.0.1:18644        ESTABLISHED
 [java.exe]
  TCP    127.0.0.1:18647        127.0.0.1:18648        ESTABLISHED
 [java.exe]
  TCP    127.0.0.1:18648        127.0.0.1:18647        ESTABLISHED
 [java.exe]
  TCP    127.0.0.1:18659        127.0.0.1:18660        ESTABLISHED
 [java.exe]
  TCP    127.0.0.1:18660        127.0.0.1:18659        ESTABLISHED
 [java.exe]
  TCP    127.0.0.1:18663        127.0.0.1:18664        ESTABLISHED
 [java.exe]
  TCP    127.0.0.1:18664        127.0.0.1:18663        ESTABLISHED
 [java.exe]
  TCP    127.0.0.1:18665        127.0.0.1:18666        ESTABLISHED
 [java.exe]
  TCP    127.0.0.1:18666        127.0.0.1:18665        ESTABLISHED
 [java.exe]
  TCP    127.0.0.1:18668        127.0.0.1:18669        ESTABLISHED
 [java.exe]
  TCP    127.0.0.1:18669        127.0.0.1:18668        ESTABLISHED
 [java.exe]
  TCP    127.0.0.1:18760        127.0.0.1:18761        ESTABLISHED
 [java.exe]
  TCP    127.0.0.1:18761        127.0.0.1:18760        ESTABLISHED
 [java.exe]
  TCP    127.0.0.1:18762        127.0.0.1:18763        ESTABLISHED
 [java.exe]
  TCP    127.0.0.1:18763        127.0.0.1:18762        ESTABLISHED
 [java.exe]
  TCP    127.0.0.1:18765        127.0.0.1:18766        ESTABLISHED
 [java.exe]
  TCP    127.0.0.1:18766        127.0.0.1:18765        ESTABLISHED
 [java.exe]
  TCP    127.0.0.1:18767        127.0.0.1:18768        ESTABLISHED
 [java.exe]
  TCP    127.0.0.1:18768        127.0.0.1:18767        ESTABLISHED
 [java.exe]
  TCP    127.0.0.1:20254        127.0.0.1:20255        ESTABLISHED
 [java.exe]
  TCP    127.0.0.1:20255        127.0.0.1:20254        ESTABLISHED
 [java.exe]
  TCP    127.0.0.1:20773        127.0.0.1:20774        ESTABLISHED
 [java.exe]
  TCP    127.0.0.1:20774        127.0.0.1:20773        ESTABLISHED
 [java.exe]
  TCP    127.0.0.1:22349        127.0.0.1:22350        ESTABLISHED
 [java.exe]
  TCP    127.0.0.1:22350        127.0.0.1:22349        ESTABLISHED
 [java.exe]
  TCP    127.0.0.1:22352        127.0.0.1:22353        ESTABLISHED
 [java.exe]
  TCP    127.0.0.1:22353        127.0.0.1:22352        ESTABLISHED
 [java.exe]
  TCP    127.0.0.1:22354        127.0.0.1:22355        ESTABLISHED
 [java.exe]
  TCP    127.0.0.1:22355        127.0.0.1:22354        ESTABLISHED
 [java.exe]
  TCP    127.0.0.1:22356        127.0.0.1:22357        ESTABLISHED
 [java.exe]
  TCP    127.0.0.1:22357        127.0.0.1:22356        ESTABLISHED
 [java.exe]
  TCP    127.0.0.1:22360        127.0.0.1:22361        ESTABLISHED
 [java.exe]
  TCP    127.0.0.1:22361        127.0.0.1:22360        ESTABLISHED
 [java.exe]
  TCP    127.0.0.1:22367        127.0.0.1:22368        ESTABLISHED
 [java.exe]
  TCP    127.0.0.1:22368        127.0.0.1:22367        ESTABLISHED
 [java.exe]
  TCP    127.0.0.1:23972        127.0.0.1:23973        ESTABLISHED
 [java.exe]
  TCP    127.0.0.1:23973        127.0.0.1:23972        ESTABLISHED
 [java.exe]
  TCP    127.0.0.1:24404        127.0.0.1:24405        ESTABLISHED
 [java.exe]
  TCP    127.0.0.1:24405        127.0.0.1:24404        ESTABLISHED
 [java.exe]
  TCP    127.0.0.1:25872        127.0.0.1:25873        ESTABLISHED
 [java.exe]
  TCP    127.0.0.1:25873        127.0.0.1:25872        ESTABLISHED
 [java.exe]
  TCP    127.0.0.1:27269        127.0.0.1:27270        ESTABLISHED
 [java.exe]
  TCP    127.0.0.1:27270        127.0.0.1:27269        ESTABLISHED
 [java.exe]
  TCP    [::]:80                [::]:0                 LISTENING
 Can not obtain ownership information
  TCP    [::]:135               [::]:0                 LISTENING
  RpcSs
 [svchost.exe]
  TCP    [::]:445               [::]:0                 LISTENING
 Can not obtain ownership information
  TCP    [::]:1025              [::]:0                 LISTENING
 [wininit.exe]
  TCP    [::]:1026              [::]:0                 LISTENING
  EventLog
 [svchost.exe]
  TCP    [::]:1027              [::]:0                 LISTENING
 [lsass.exe]
  TCP    [::]:1028              [::]:0                 LISTENING
  Schedule
 [svchost.exe]
  TCP    [::]:2701              [::]:0                 LISTENING
 [CmRcService.exe]
  TCP    [::]:3389              [::]:0                 LISTENING
  TermService
 [svchost.exe]
  TCP    [::]:5985              [::]:0                 LISTENING
 Can not obtain ownership information
  TCP    [::]:29121             [::]:0                 LISTENING
 [lsass.exe]
  TCP    [::]:29145             [::]:0                 LISTENING
 [spoolsv.exe]
  TCP    [::]:29153             [::]:0                 LISTENING
 Can not obtain ownership information
  TCP    [::]:47001             [::]:0                 LISTENING
 Can not obtain ownership information
  UDP    0.0.0.0:123            *:*                    
  W32Time
 [svchost.exe]
  UDP    0.0.0.0:500            *:*                    
  IKEEXT
 [svchost.exe]
  UDP    0.0.0.0:3389           *:*                    
  TermService
 [svchost.exe]
  UDP    0.0.0.0:4500           *:*                    
  IKEEXT
 [svchost.exe]
  UDP    0.0.0.0:5353           *:*                    
 [chrome.exe]
  UDP    0.0.0.0:5353           *:*                    
 [chrome.exe]
  UDP    0.0.0.0:5355           *:*                    
  Dnscache
 [svchost.exe]
  UDP    0.0.0.0:51235          *:*                    
 [McsAgent.exe]
  UDP    0.0.0.0:52154          *:*                    
 [SavService.exe]
  UDP    0.0.0.0:53320          *:*                    
 [SavService.exe]
  UDP    0.0.0.0:56901          *:*                    
 [SavService.exe]
  UDP    0.0.0.0:61570          *:*                    
 [SavService.exe]
  UDP    0.0.0.0:64577          *:*                    
 [swi_service.exe]
  UDP    0.0.0.0:64579          *:*                    
 [SavService.exe]
  UDP    1.2.3.4:137       *:*                    
 Can not obtain ownership information
  UDP    1.2.3.4:138       *:*                    
 Can not obtain ownership information
  UDP    127.0.0.1:50292        *:*                    
 [Explorer.EXE]
  UDP    127.0.0.1:50337        *:*                    
  LanmanWorkstation
 [svchost.exe]
  UDP    127.0.0.1:50338        *:*                    
 [lsass.exe]
  UDP    127.0.0.1:50883        *:*                    
  iphlpsvc
 [svchost.exe]
  UDP    127.0.0.1:51501        *:*                    
  gpsvc
 [svchost.exe]
  UDP    127.0.0.1:57624        *:*                    
 [CcmExec.exe]
  UDP    127.0.0.1:58329        *:*                    
 [Explorer.EXE]
  UDP    127.0.0.1:64578        *:*                    
 [swi_service.exe]
  UDP    [::]:123               *:*                    
  W32Time
 [svchost.exe]
  UDP    [::]:500               *:*                    
  IKEEXT
 [svchost.exe]
  UDP    [::]:3389              *:*                    
  TermService
 [svchost.exe]
  UDP    [::]:4500              *:*                    
  IKEEXT
 [svchost.exe]
